******************************************************************************
                  TI ARM Linker PC v18.12.4                    
******************************************************************************
>> Linked Thu Mar  5 21:41:38 2020

OUTPUT FILE NAME:   <Homework3_Starter.out>
ENTRY POINT SYMBOL: "_c_int00_noargs"  address: 0000079d


MEMORY CONFIGURATION

         name            origin    length      used     unused   attr    fill
----------------------  --------  ---------  --------  --------  ----  --------
  MAIN                  00000000   00040000  00000940  0003f6c0  R  X
  INFO                  00200000   00004000  00000000  00004000  R  X
  SRAM_CODE             01000000   00010000  00000209  0000fdf7  RW X
  SRAM_DATA             20000000   00010000  00000209  0000fdf7  RW  


SEGMENT ALLOCATION MAP

run origin  load origin   length   init length attrs members
----------  ----------- ---------- ----------- ----- -------
00000000    00000000    00000940   00000940    r-x
  00000000    00000000    000000e4   000000e4    r-- .intvecs
  000000e4    000000e4    00000844   00000844    r-x .text
  00000928    00000928    00000018   00000018    r-- .cinit
20000000    20000000    00000009   00000000    rw-
  20000000    20000000    00000009   00000000    rw- .data
2000fe00    2000fe00    00000200   00000000    rw-
  2000fe00    2000fe00    00000200   00000000    rw- .stack


SECTION ALLOCATION MAP

 output                                  attributes/
section   page    origin      length       input sections
--------  ----  ----------  ----------   ----------------
.intvecs   0    00000000    000000e4     
                  00000000    000000e4     startup_msp432p401r_ccs.obj (.intvecs:retain)

.text      0    000000e4    00000844     
                  000000e4    00000134     myGPIO.obj (.text:initGPIO)
                  00000218    000000ba     homework3.obj (.text:changeBoosterpackLED)
                  000002d2    00000002     startup_msp432p401r_ccs.obj (.text:Default_Handler)
                  000002d4    000000ba     homework3.obj (.text:changeLaunchpadLED2)
                  0000038e    0000009c     rtsv7M4_T_le_v4SPD16_eabi.lib : memcpy_t2.asm.obj (.text)
                  0000042a    00000002     --HOLE-- [fill = 0]
                  0000042c    00000094     homework3.obj (.text:main)
                  000004c0    00000078     system_msp432p401r.obj (.text:SystemInit)
                  00000538    00000074     homework3.obj (.text:fsmBoosterpackButtonS1)
                  000005ac    00000068     msp432p4xx_driverlib.lib : timer32.o (.text:Timer32_initModule)
                  00000614    00000068     rtsv7M4_T_le_v4SPD16_eabi.lib : copy_decompress_lzss.c.obj (.text:decompress:lzss:__TI_decompress_lzss)
                  0000067c    00000044                                   : autoinit.c.obj (.text:__TI_auto_init_nobinit_nopinit:__TI_auto_init_nobinit_nopinit)
                  000006c0    00000038     msp432p4xx_driverlib.lib : timer32.o (.text:Timer32_startTimer)
                  000006f8    00000038     myTimer.obj (.text:timer0Expired)
                  00000730    00000038     myTimer.obj (.text:timer1Expired)
                  00000768    00000034     msp432p4xx_driverlib.lib : timer32.o (.text:Timer32_setCount)
                  0000079c    00000034     rtsv7M4_T_le_v4SPD16_eabi.lib : boot_cortex_m.c.obj (.text:_c_int00_noargs:_c_int00_noargs)
                  000007d0    00000026     myTimer.obj (.text:initTimer)
                  000007f6    00000002     --HOLE-- [fill = 0]
                  000007f8    00000024     msp432p4xx_driverlib.lib : wdt_a.o (.text:WDT_A_holdTimer)
                  0000081c    00000014     myGPIO.obj (.text:checkStatus_BoosterpackS1)
                  00000830    00000010     myGPIO.obj (.text:turnOff_BoosterpackLEDBlue)
                  00000840    00000010     myGPIO.obj (.text:turnOff_BoosterpackLEDGreen)
                  00000850    00000010     myGPIO.obj (.text:turnOff_BoosterpackLEDRed)
                  00000860    00000010     myGPIO.obj (.text:turnOff_LaunchpadLED2Blue)
                  00000870    00000010     myGPIO.obj (.text:turnOff_LaunchpadLED2Green)
                  00000880    00000010     myGPIO.obj (.text:turnOff_LaunchpadLED2Red)
                  00000890    00000010     myGPIO.obj (.text:turnOn_BoosterpackLEDBlue)
                  000008a0    00000010     myGPIO.obj (.text:turnOn_BoosterpackLEDGreen)
                  000008b0    00000010     myGPIO.obj (.text:turnOn_BoosterpackLEDRed)
                  000008c0    00000010     myGPIO.obj (.text:turnOn_LaunchpadLED2Blue)
                  000008d0    00000010     myGPIO.obj (.text:turnOn_LaunchpadLED2Green)
                  000008e0    00000010     myGPIO.obj (.text:turnOn_LaunchpadLED2Red)
                  000008f0    0000000e     msp432p4xx_driverlib.lib : timer32.o (.text:Timer32_getValue)
                  000008fe    0000000e     rtsv7M4_T_le_v4SPD16_eabi.lib : copy_decompress_none.c.obj (.text:decompress:none:__TI_decompress_none)
                  0000090c    0000000c     startup_msp432p401r_ccs.obj (.text:Reset_Handler)
                  00000918    00000008     homework3.obj (.text:initBoard)
                  00000920    00000004     rtsv7M4_T_le_v4SPD16_eabi.lib : pre_init.c.obj (.text:_system_pre_init)
                  00000924    00000004                                   : exit.c.obj (.text:abort:abort)

.cinit     0    00000928    00000018     
                  00000928    00000008     (.cinit..data.load) [load image, compression = lzss]
                  00000930    00000008     (__TI_handler_table)
                  00000938    00000008     (__TI_cinit_table)

.init_array 
*          0    00000000    00000000     UNINITIALIZED

.binit     0    00000000    00000000     

.data      0    20000000    00000009     UNINITIALIZED
                  20000000    00000008     myTimer.obj (.data)
                  20000008    00000001     homework3.obj (.data)

.stack     0    2000fe00    00000200     UNINITIALIZED
                  2000fe00    00000004     rtsv7M4_T_le_v4SPD16_eabi.lib : boot_cortex_m.c.obj (.stack)
                  2000fe04    000001fc     --HOLE--

MODULE SUMMARY

       Module                        code   ro data   rw data
       ------                        ----   -------   -------
    .\
       homework3.obj                 644    0         2      
       myGPIO.obj                    520    0         0      
       myTimer.obj                   150    0         16     
       system_msp432p401r.obj        120    0         0      
    +--+-----------------------------+------+---------+---------+
       Total:                        1434   0         18     
                                                             
    .\ccs\
       startup_msp432p401r_ccs.obj   14     228       0      
    +--+-----------------------------+------+---------+---------+
       Total:                        14     228       0      
                                                             
    C:/ti/simplelink_msp432p4_sdk_3_40_01_02/source/ti/devices/msp432p4xx/driverlib/ccs/msp432p4xx_driverlib.lib
       timer32.o                     226    0         0      
       wdt_a.o                       36     0         0      
    +--+-----------------------------+------+---------+---------+
       Total:                        262    0         0      
                                                             
    C:\ti\ccs930\ccs\tools\compiler\ti-cgt-arm_18.12.4.LTS\lib\rtsv7M4_T_le_v4SPD16_eabi.lib
       memcpy_t2.asm.obj             156    0         0      
       copy_decompress_lzss.c.obj    104    0         0      
       autoinit.c.obj                68     0         0      
       boot_cortex_m.c.obj           52     0         0      
       copy_decompress_none.c.obj    14     0         0      
       exit.c.obj                    4      0         0      
       pre_init.c.obj                4      0         0      
    +--+-----------------------------+------+---------+---------+
       Total:                        402    0         0      
                                                             
       Stack:                        0      0         1024   
       Linker Generated:             0      24        0      
    +--+-----------------------------+------+---------+---------+
       Grand Total:                  2112   252       1042   


LINKER GENERATED COPY TABLES

__TI_cinit_table @ 00000938 records: 1, size/record: 8, table size: 8
	.data: load addr=00000928, load size=00000008 bytes, run addr=20000000, run size=00000009 bytes, compression=lzss


LINKER GENERATED HANDLER TABLE

__TI_handler_table @ 00000930 records: 2, size/record: 4, table size: 8
	index: 0, handler: __TI_decompress_lzss
	index: 1, handler: __TI_decompress_none


GLOBAL SYMBOLS: SORTED ALPHABETICALLY BY Name 

address   name                          
-------   ----                          
000002d3  ADC14_IRQHandler              
000002d3  AES256_IRQHandler             
000002d3  BusFault_Handler              
00000925  C$$EXIT                       
000002d3  COMP_E0_IRQHandler            
000002d3  COMP_E1_IRQHandler            
000002d3  CS_IRQHandler                 
000002d3  DMA_ERR_IRQHandler            
000002d3  DMA_INT0_IRQHandler           
000002d3  DMA_INT1_IRQHandler           
000002d3  DMA_INT2_IRQHandler           
000002d3  DMA_INT3_IRQHandler           
000002d3  DebugMon_Handler              
000002d3  Default_Handler               
000002d3  EUSCIA0_IRQHandler            
000002d3  EUSCIA1_IRQHandler            
000002d3  EUSCIA2_IRQHandler            
000002d3  EUSCIA3_IRQHandler            
000002d3  EUSCIB0_IRQHandler            
000002d3  EUSCIB1_IRQHandler            
000002d3  EUSCIB2_IRQHandler            
000002d3  EUSCIB3_IRQHandler            
000002d3  FLCTL_IRQHandler              
000002d3  FPU_IRQHandler                
000002d3  HardFault_Handler             
000002d3  MemManage_Handler             
000002d3  NMI_Handler                   
000002d3  PCM_IRQHandler                
000002d3  PORT1_IRQHandler              
000002d3  PORT2_IRQHandler              
000002d3  PORT3_IRQHandler              
000002d3  PORT4_IRQHandler              
000002d3  PORT5_IRQHandler              
000002d3  PORT6_IRQHandler              
000002d3  PSS_IRQHandler                
000002d3  PendSV_Handler                
000002d3  RTC_C_IRQHandler              
0000090d  Reset_Handler                 
000002d3  SVC_Handler                   
000002d3  SysTick_Handler               
000004c1  SystemInit                    
000002d3  T32_INT1_IRQHandler           
000002d3  T32_INT2_IRQHandler           
000002d3  T32_INTC_IRQHandler           
000002d3  TA0_0_IRQHandler              
000002d3  TA0_N_IRQHandler              
000002d3  TA1_0_IRQHandler              
000002d3  TA1_N_IRQHandler              
000002d3  TA2_0_IRQHandler              
000002d3  TA2_N_IRQHandler              
000002d3  TA3_0_IRQHandler              
000002d3  TA3_N_IRQHandler              
000008f1  Timer32_getValue              
000005ad  Timer32_initModule            
00000769  Timer32_setCount              
000006c1  Timer32_startTimer            
000002d3  UsageFault_Handler            
4000480c  WDTCTL_SYM                    
000002d3  WDT_A_IRQHandler              
000007f9  WDT_A_holdTimer               
20010000  __STACK_END                   
00000200  __STACK_SIZE                  
00000938  __TI_CINIT_Base               
00000940  __TI_CINIT_Limit              
00000930  __TI_Handler_Table_Base       
00000938  __TI_Handler_Table_Limit      
0000067d  __TI_auto_init_nobinit_nopinit
00000615  __TI_decompress_lzss          
000008ff  __TI_decompress_none          
ffffffff  __TI_pprof_out_hndl           
ffffffff  __TI_prof_data_size           
ffffffff  __TI_prof_data_start          
00000000  __TI_static_base__            
0000038f  __aeabi_memcpy                
0000038f  __aeabi_memcpy4               
0000038f  __aeabi_memcpy8               
ffffffff  __binit__                     
ffffffff  __c_args__                    
UNDEFED   __mpu_init                    
2000fe00  __stack                       
0000079d  _c_int00_noargs               
UNDEFED   _system_post_cinit            
00000921  _system_pre_init              
00000925  abort                         
ffffffff  binit                         
00000219  changeBoosterpackLED          
000002d5  changeLaunchpadLED2           
0000081d  checkStatus_BoosterpackS1     
00000539  fsmBoosterpackButtonS1        
00000919  initBoard                     
000000e5  initGPIO                      
000007d1  initTimer                     
00000000  interruptVectors              
0000042d  main                          
0000038f  memcpy                        
000006f9  timer0Expired                 
00000731  timer1Expired                 
00000831  turnOff_BoosterpackLEDBlue    
00000841  turnOff_BoosterpackLEDGreen   
00000851  turnOff_BoosterpackLEDRed     
00000861  turnOff_LaunchpadLED2Blue     
00000871  turnOff_LaunchpadLED2Green    
00000881  turnOff_LaunchpadLED2Red      
00000891  turnOn_BoosterpackLEDBlue     
000008a1  turnOn_BoosterpackLEDGreen    
000008b1  turnOn_BoosterpackLEDRed      
000008c1  turnOn_LaunchpadLED2Blue      
000008d1  turnOn_LaunchpadLED2Green     
000008e1  turnOn_LaunchpadLED2Red       


GLOBAL SYMBOLS: SORTED BY Symbol Address 

address   name                          
-------   ----                          
00000000  __TI_static_base__            
00000000  interruptVectors              
000000e5  initGPIO                      
00000200  __STACK_SIZE                  
00000219  changeBoosterpackLED          
000002d3  ADC14_IRQHandler              
000002d3  AES256_IRQHandler             
000002d3  BusFault_Handler              
000002d3  COMP_E0_IRQHandler            
000002d3  COMP_E1_IRQHandler            
000002d3  CS_IRQHandler                 
000002d3  DMA_ERR_IRQHandler            
000002d3  DMA_INT0_IRQHandler           
000002d3  DMA_INT1_IRQHandler           
000002d3  DMA_INT2_IRQHandler           
000002d3  DMA_INT3_IRQHandler           
000002d3  DebugMon_Handler              
000002d3  Default_Handler               
000002d3  EUSCIA0_IRQHandler            
000002d3  EUSCIA1_IRQHandler            
000002d3  EUSCIA2_IRQHandler            
000002d3  EUSCIA3_IRQHandler            
000002d3  EUSCIB0_IRQHandler            
000002d3  EUSCIB1_IRQHandler            
000002d3  EUSCIB2_IRQHandler            
000002d3  EUSCIB3_IRQHandler            
000002d3  FLCTL_IRQHandler              
000002d3  FPU_IRQHandler                
000002d3  HardFault_Handler             
000002d3  MemManage_Handler             
000002d3  NMI_Handler                   
000002d3  PCM_IRQHandler                
000002d3  PORT1_IRQHandler              
000002d3  PORT2_IRQHandler              
000002d3  PORT3_IRQHandler              
000002d3  PORT4_IRQHandler              
000002d3  PORT5_IRQHandler              
000002d3  PORT6_IRQHandler              
000002d3  PSS_IRQHandler                
000002d3  PendSV_Handler                
000002d3  RTC_C_IRQHandler              
000002d3  SVC_Handler                   
000002d3  SysTick_Handler               
000002d3  T32_INT1_IRQHandler           
000002d3  T32_INT2_IRQHandler           
000002d3  T32_INTC_IRQHandler           
000002d3  TA0_0_IRQHandler              
000002d3  TA0_N_IRQHandler              
000002d3  TA1_0_IRQHandler              
000002d3  TA1_N_IRQHandler              
000002d3  TA2_0_IRQHandler              
000002d3  TA2_N_IRQHandler              
000002d3  TA3_0_IRQHandler              
000002d3  TA3_N_IRQHandler              
000002d3  UsageFault_Handler            
000002d3  WDT_A_IRQHandler              
000002d5  changeLaunchpadLED2           
0000038f  __aeabi_memcpy                
0000038f  __aeabi_memcpy4               
0000038f  __aeabi_memcpy8               
0000038f  memcpy                        
0000042d  main                          
000004c1  SystemInit                    
00000539  fsmBoosterpackButtonS1        
000005ad  Timer32_initModule            
00000615  __TI_decompress_lzss          
0000067d  __TI_auto_init_nobinit_nopinit
000006c1  Timer32_startTimer            
000006f9  timer0Expired                 
00000731  timer1Expired                 
00000769  Timer32_setCount              
0000079d  _c_int00_noargs               
000007d1  initTimer                     
000007f9  WDT_A_holdTimer               
0000081d  checkStatus_BoosterpackS1     
00000831  turnOff_BoosterpackLEDBlue    
00000841  turnOff_BoosterpackLEDGreen   
00000851  turnOff_BoosterpackLEDRed     
00000861  turnOff_LaunchpadLED2Blue     
00000871  turnOff_LaunchpadLED2Green    
00000881  turnOff_LaunchpadLED2Red      
00000891  turnOn_BoosterpackLEDBlue     
000008a1  turnOn_BoosterpackLEDGreen    
000008b1  turnOn_BoosterpackLEDRed      
000008c1  turnOn_LaunchpadLED2Blue      
000008d1  turnOn_LaunchpadLED2Green     
000008e1  turnOn_LaunchpadLED2Red       
000008f1  Timer32_getValue              
000008ff  __TI_decompress_none          
0000090d  Reset_Handler                 
00000919  initBoard                     
00000921  _system_pre_init              
00000925  C$$EXIT                       
00000925  abort                         
00000930  __TI_Handler_Table_Base       
00000938  __TI_CINIT_Base               
00000938  __TI_Handler_Table_Limit      
00000940  __TI_CINIT_Limit              
2000fe00  __stack                       
20010000  __STACK_END                   
4000480c  WDTCTL_SYM                    
ffffffff  __TI_pprof_out_hndl           
ffffffff  __TI_prof_data_size           
ffffffff  __TI_prof_data_start          
ffffffff  __binit__                     
ffffffff  __c_args__                    
ffffffff  binit                         
UNDEFED   __mpu_init                    
UNDEFED   _system_post_cinit            

[109 symbols]
